---
source: src/test.rs
description: "(the (Σ ((n Nat))\n         (= Nat n n))\n    (cons 2 (same 2)))"
expression: parser.parse(e)
---
Ok(
    List(
        Span(
            0,
            63,
        ),
        [
            Identifier(
                Span(
                    1,
                    4,
                ),
                "the",
            ),
            SigmaExpr(
                Span(
                    5,
                    40,
                ),
                [
                    (
                        Symbol(
                            Span(
                                11,
                                12,
                            ),
                            "n",
                        ),
                        Identifier(
                            Span(
                                13,
                                16,
                            ),
                            "Nat",
                        ),
                    ),
                ],
                List(
                    Span(
                        28,
                        39,
                    ),
                    [
                        Identifier(
                            Span(
                                29,
                                30,
                            ),
                            "=",
                        ),
                        Identifier(
                            Span(
                                31,
                                34,
                            ),
                            "Nat",
                        ),
                        Identifier(
                            Span(
                                35,
                                36,
                            ),
                            "n",
                        ),
                        Identifier(
                            Span(
                                37,
                                38,
                            ),
                            "n",
                        ),
                    ],
                ),
            ),
            List(
                Span(
                    45,
                    62,
                ),
                [
                    Identifier(
                        Span(
                            46,
                            50,
                        ),
                        "cons",
                    ),
                    Literal(
                        Span(
                            51,
                            52,
                        ),
                        Nat(
                            2,
                        ),
                    ),
                    List(
                        Span(
                            53,
                            61,
                        ),
                        [
                            Identifier(
                                Span(
                                    54,
                                    58,
                                ),
                                "same",
                            ),
                            Literal(
                                Span(
                                    59,
                                    60,
                                ),
                                Nat(
                                    2,
                                ),
                            ),
                        ],
                    ),
                ],
            ),
        ],
    ),
)
