---
source: pielang/src/test.rs
description: (lambda (x) x)
expression: parser.parse(e)
---
Ok(
    LambdaExpr(
        Span(
            0,
            14,
        ),
        [
            Id(
                Span(
                    9,
                    10,
                ),
                "x",
            ),
        ],
        Ident(
            Span(
                12,
                13,
            ),
            "x",
        ),
    ),
)
