---
source: pielang/src/test.rs
description: (cons 2 (same 2))
expression: parser.parse(e)
---
Ok(
    AppExpr(
        Span(
            0,
            17,
        ),
        [
            Ident(
                Span(
                    1,
                    5,
                ),
                "cons",
            ),
            NatLit(
                Span(
                    6,
                    7,
                ),
                2,
            ),
            AppExpr(
                Span(
                    8,
                    16,
                ),
                [
                    Ident(
                        Span(
                            9,
                            13,
                        ),
                        "same",
                    ),
                    NatLit(
                        Span(
                            14,
                            15,
                        ),
                        2,
                    ),
                ],
            ),
        ],
    ),
)
