---
source: pielang/src/test.rs
description: (the (List Nat) nil)
expression: parser.parse(e)
---
Ok(
    AppExpr(
        Span(
            0,
            20,
        ),
        [
            Ident(
                Span(
                    1,
                    4,
                ),
                "the",
            ),
            AppExpr(
                Span(
                    5,
                    15,
                ),
                [
                    Ident(
                        Span(
                            6,
                            10,
                        ),
                        "List",
                    ),
                    Ident(
                        Span(
                            11,
                            14,
                        ),
                        "Nat",
                    ),
                ],
            ),
            Ident(
                Span(
                    16,
                    19,
                ),
                "nil",
            ),
        ],
    ),
)
